exports[`<Alert /> matches snapshot 1`] = `
<Dialog
  actions={
    <FlatButton
      disabled={false}
      fullWidth={false}
      label="OK"
      labelPosition="after"
      labelStyle={Object {}}
      onKeyboardFocus={[Function]}
      onMouseEnter={[Function]}
      onMouseLeave={[Function]}
      onTouchStart={[Function]}
      onTouchTap={[Function]}
      primary={true}
      secondary={false} />
  }
  autoDetectWindowHeight={true}
  autoScrollBodyContent={false}
  modal={false}
  onRequestClose={[Function]}
  open={true}
  repositionOnUpdate={true}>
  Wubba lubba dub dub!
</Dialog>
`;
