exports[`<AnnotationEditor /> matches snapshot 1`] = `
<div>
  <Tabs
    initialSelectedIndex={0}
    onChange={[Function]}>
    <Tab
      label="Write"
      onActive={[Function]}>
      <TextField
        autoFocus={true}
        disabled={false}
        floatingLabelFixed={false}
        fullWidth={true}
        hintStyle={
          Object {
            "top": "1rem",
          }
        }
        hintText="Enter your annotation here"
        multiLine={true}
        name="annotationEditor"
        onChange={[Function]}
        rows={4}
        type="text"
        underlineShow={true}
        value="" />
    </Tab>
    <Tab
      label="Preview">
      <MarkdownDisplayer
        annotation="" />
    </Tab>
  </Tabs>
  <div
    style={
      Object {
        "alignItems": "center",
        "display": "flex",
        "flexFlow": "row wrap",
        "justifyContent": "space-between",
        "marginTop": "0.5rem",
      }
    }>
    <FlatButton
      disabled={false}
      fullWidth={false}
      label="Cancel"
      labelPosition="after"
      labelStyle={Object {}}
      onKeyboardFocus={[Function]}
      onMouseEnter={[Function]}
      onMouseLeave={[Function]}
      onTouchStart={[Function]}
      onTouchTap={[Function]}
      primary={false}
      secondary={true}
      style={
        Object {
          "flex": "1 1",
        }
      } />
    <FlatButton
      disabled={true}
      fullWidth={false}
      label="Save"
      labelPosition="after"
      labelStyle={Object {}}
      onKeyboardFocus={[Function]}
      onMouseEnter={[Function]}
      onMouseLeave={[Function]}
      onTouchStart={[Function]}
      onTouchTap={[Function]}
      primary={true}
      secondary={false}
      style={
        Object {
          "flex": "1 1",
        }
      } />
    <a
      className="markdown-link hoverable-link"
      href="http://commonmark.org/help"
      rel="noopener noreferrer"
      style={
        Object {
          "display": "flex",
          "flex": "1 1 auto",
          "justifyContent": "center",
        }
      }
      target="_blank">
      <img
        alt="Markdown Logo"
        src="markdown-logo.svg"
        style={
          Object {
            "height": "1rem",
            "width": "2rem",
          }
        } />
      <span
        style={
          Object {
            "color": "inherit",
            "fontSize": "small",
          }
        }>
        Styling with Markdown is supported
      </span>
    </a>
  </div>
</div>
`;
