exports[`<AnnotationEditor /> matches snapshot 1`] = `
<div>
  <Tabs
    initialSelectedIndex={0}
    onChange={[Function]}>
    <Tab
      label="Write"
      onActive={[Function]}>
      <TextField
        autoFocus={true}
        disabled={false}
        floatingLabelFixed={false}
        floatingLabelText="Annotation"
        fullWidth={true}
        hintText="Enter your annotation here"
        multiLine={true}
        name="annotationEditor"
        onChange={[Function]}
        rows={4}
        type="text"
        underlineShow={true}
        value="" />
    </Tab>
    <Tab
      label="Preview">
      <MarkdownRenderer
        markdown=""
        options={
          Object {
            "highlight": [Function],
            "langPrefix": "hljs language-",
          }
        } />
    </Tab>
  </Tabs>
  <div
    style={
      Object {
        "display": "flex",
        "flexFlow": "row wrap",
      }
    }>
    <RaisedButton
      disabled={false}
      fullWidth={false}
      label="Cancel"
      labelPosition="after"
      onTouchTap={[Function]}
      primary={false}
      secondary={true}
      style={
        Object {
          "flex": "1 1 auto",
        }
      } />
    <RaisedButton
      disabled={true}
      fullWidth={false}
      label="Save"
      labelPosition="after"
      onTouchTap={[Function]}
      primary={true}
      secondary={false}
      style={
        Object {
          "flex": "1 1 auto",
        }
      } />
    <a
      href="http://commonmark.org/help"
      style={
        Object {
          "flex": "1 1 auto",
          "paddingLeft": "1rem",
        }
      }
      target="_blank">
      <img
        alt="Markdown Logo"
        src="markdown-logo.svg"
        style={
          Object {
            "height": "1rem",
            "width": "2rem",
          }
        } />
      <span
        style={
          Object {
            "color": "#d3d3d3",
          }
        }>
        Styling with Markdown is supported
      </span>
    </a>
  </div>
</div>
`;
