exports[`<FilterAreaActions /> matches snapshot of when the app is not in read-only mode 1`] = `
<CardActions
  style={
    Object {
      "display": "flex",
      "flexFlow": "row nowrap",
      "justifyContent": "space-evenly",
    }
  }>
  <FlatButton
    disabled={false}
    fullWidth={false}
    label="Select All"
    labelPosition="after"
    labelStyle={
      Object {
        "fontSize": "12px",
      }
    }
    onKeyboardFocus={[Function]}
    onMouseEnter={[Function]}
    onMouseLeave={[Function]}
    onTouchStart={[Function]}
    onTouchTap={[Function]}
    primary={true}
    secondary={false} />
  <FlatButton
    disabled={false}
    fullWidth={false}
    label="Clear All"
    labelPosition="after"
    labelStyle={
      Object {
        "fontSize": "12px",
      }
    }
    onKeyboardFocus={[Function]}
    onMouseEnter={[Function]}
    onMouseLeave={[Function]}
    onTouchStart={[Function]}
    onTouchTap={[Function]}
    primary={false}
    secondary={true} />
</CardActions>
`;
