exports[`<LanguageSelector /> matches snapshot 1`] = `
<LanguageSelector
  languages={
    Array [
      Object {
        "text": "French",
        "value": "fr",
      },
      Object {
        "text": "Japanese",
        "value": "jp",
      },
    ]
  }
  onChange={[Function]}
  selected="fr" />
`;
