exports[`<LoginButton /> matches snapshot 1`] = `
<FlatButton
  disabled={false}
  fullWidth={false}
  label={
    <span
      style={
        Object {
          "alignItems": "center",
          "color": "white",
          "display": "inline-flex",
        }
      }>
      <img
        alt=""
        src="github-icon.png"
        style={
          Object {
            "marginBottom": "4px",
            "marginRight": "7px",
          }
        }
        width="25px" />
      Log In
    </span>
  }
  labelPosition="after"
  labelStyle={Object {}}
  onClick={[Function]}
  onKeyboardFocus={[Function]}
  onMouseEnter={[Function]}
  onMouseLeave={[Function]}
  onTouchStart={[Function]}
  primary={false}
  secondary={false}
  style={
    Object {
      "marginTop": "6px",
    }
  } />
`;
