exports[`<OrgSnippetsMenu /> snapshot tests matches when no snippets are passed 1`] = `<span />`;

exports[`<OrgSnippetsMenu /> snapshot tests matches when snippets are passed 1`] = `
<span>
  <SnippetList
    onClick={[Function]}
    primaryText="org1"
    snippetOwner="org1"
    snippetsList={
      Object {
        "baz": Object {
          "snippetTitle": "qux",
        },
        "foo": Object {
          "snippetTitle": "bar",
        },
      }
    } />
  <SnippetList
    onClick={[Function]}
    primaryText="org2"
    snippetOwner="org2"
    snippetsList={Object {}} />
</span>
`;
