exports[`<OrgSelector /> matches snapshot 1`] = `
<div>
  <DropDownMenu
    animated={true}
    autoWidth={true}
    disabled={true}
    iconButton={<NavigationArrowDropDown />}
    maxHeight={500}
    multiple={false}
    onChange={[Function]}
    openImmediately={false}
    value={0}>
    <MenuItem
      anchorOrigin={
        Object {
          "horizontal": "right",
          "vertical": "top",
        }
      }
      checked={false}
      desktop={false}
      disabled={false}
      focusState="none"
      insetChildren={false}
      primaryText="galactic-federation"
      value="galactic-federation" />
    <MenuItem
      anchorOrigin={
        Object {
          "horizontal": "right",
          "vertical": "top",
        }
      }
      checked={false}
      desktop={false}
      disabled={false}
      focusState="none"
      insetChildren={false}
      primaryText="international-counsel-of-ricks"
      value="international-counsel-of-ricks" />
  </DropDownMenu>
</div>
`;
