exports[`<RulesSelector /> matches snapshot 1`] = `
<div>
  <Subheader
    inset={false}
    style={
      Object {
        "lineHeight": 1,
        "padding": 0,
      }
    }>
    Select a token type to highlight all occurences
  </Subheader>
  <div>
    <Checkbox
      checked={false}
      disabled={false}
      label={
        <div
          style={
            Object {
              "marginTop": "7px",
            }
          }>
          For Loops (1)
        </div>
      }
      labelPosition="right"
      labelStyle={
        Object {
          "fontSize": "8pt",
          "lineHeight": 1,
          "margin": 0,
        }
      }
      onCheck={[Function]} />
    <Checkbox
      checked={true}
      disabled={false}
      label={
        <div
          style={
            Object {
              "marginTop": "7px",
            }
          }>
          Atoms (21)
        </div>
      }
      labelPosition="right"
      labelStyle={
        Object {
          "fontSize": "8pt",
          "lineHeight": 1,
          "margin": 0,
        }
      }
      onCheck={[Function]} />
  </div>
</div>
`;
