exports[`<RulesSelector /> matches snapshot 1`] = `
<List>
  <Subheader
    inset={false}
    style={
      Object {
        "lineHeight": "",
        "paddingLeft": "",
      }
    }>
    Select a token type to highlight all occurences
  </Subheader>
  <ListItem
    autoGenerateNestedIndicator={true}
    disableKeyboardFocus={false}
    disabled={false}
    initiallyOpen={false}
    insetChildren={false}
    leftCheckbox={
      <Checkbox
        checked={false}
        disabled={false}
        labelPosition="right"
        onCheck={[Function]} />
    }
    nestedItems={Array []}
    nestedLevel={0}
    onKeyboardFocus={[Function]}
    onMouseEnter={[Function]}
    onMouseLeave={[Function]}
    onNestedListToggle={[Function]}
    onTouchEnd={[Function]}
    onTouchStart={[Function]}
    open={null}
    primaryText="For Loops (1)"
    primaryTogglesNestedList={false}
    secondaryTextLines={1}
    style={
      Object {
        "fontSize": "13px",
        "height": "20px",
        "paddingLeft": "30%",
      }
    } />
  <ListItem
    autoGenerateNestedIndicator={true}
    disableKeyboardFocus={false}
    disabled={false}
    initiallyOpen={false}
    insetChildren={false}
    leftCheckbox={
      <Checkbox
        checked={true}
        disabled={false}
        labelPosition="right"
        onCheck={[Function]} />
    }
    nestedItems={Array []}
    nestedLevel={0}
    onKeyboardFocus={[Function]}
    onMouseEnter={[Function]}
    onMouseLeave={[Function]}
    onNestedListToggle={[Function]}
    onTouchEnd={[Function]}
    onTouchStart={[Function]}
    open={null}
    primaryText="Atoms (21)"
    primaryTogglesNestedList={false}
    secondaryTextLines={1}
    style={
      Object {
        "fontSize": "13px",
        "height": "20px",
        "paddingLeft": "30%",
      }
    } />
</List>
`;
