exports[`<RuleLabel /> matches snapshot 1`] = `
<div
  onClick={[Function]}
  style={
    Object {
      "backgroundColor": "transparent",
      "borderColor": "#e6e6e6",
      "borderRadius": "5px",
      "borderStyle": "solid",
      "borderWidth": "1px",
      "cursor": "pointer",
      "display": "inline-block",
      "fontSize": "10pt",
      "lineHeight": 1,
      "marginTop": "5px",
      "maxWidth": "200px",
      "padding": "5px",
      "width": "100%",
    }
  }>
  <span
    style={
      Object {
        "color": "#666666",
        "display": "block",
        "float": "right",
      }
    }>
    ()
  </span>
</div>
`;
