exports[`<SnippetArea /> matches snapshot 1`] = `
<SnippetArea
  contents=""
  isDialogOpen={false}
  onSaveClick={[Function]}
  onSnippetChanged={[Function]}
  onTitleChanged={[Function]}
  readOnly={false}
  snippetLanguage="bash"
  switchReadOnlyMode={[Function]}
  title=""
  toggleConfirmLockDialogVisibility={[Function]} />
`;
