exports[`util: rules ignored rules should match snapshot 1`] = `
Array [
  "atom",
  "suite",
  "file_input",
  "simple_stmt",
  "trailed_atom",
  "trailer",
  "comparison",
  "testlist_comp",
  "arglist",
  "expr_stmt",
  ".IF",
  ".COLON",
  ".NEWLINE",
  ".INDENT",
  ".NAME",
  ".OPEN_PAREN",
  ".STRING_LITERAL",
  ".CLOSE_PAREN",
  ".DEDENT",
  "._EOF",
  ".FOR",
  ".IN",
  ".DECIMAL_INTEGER",
  ".COMMA",
]
`;

exports[`util: rules rules should match snapshot 1`] = `
Object {
  ".FALSE": Object {
    "color": "#E67300",
    "prettyName": "Boolean (False)",
  },
  ".TRUE": Object {
    "color": "#FF9933",
    "prettyName": "Boolean (True)",
  },
  "and_expr": Object {
    "color": "#F0E68C",
    "prettyName": "And",
  },
  "argument": Object {
    "color": "#EAF7AB",
    "prettyName": "Arguments",
  },
  "arith_expr": Object {
    "color": "#FFA500",
    "prettyName": "Arithmetic Expression",
  },
  "augassign": Object {
    "color": "#00ffff",
    "prettyName": "Augmented Assignment",
  },
  "break_stmt": Object {
    "color": "#00ffa0",
    "prettyName": "Break Statement",
  },
  "classdef": Object {
    "color": "#03C03C",
    "prettyName": "Class Definitions",
  },
  "comp_op": Object {
    "color": "#DAA520",
    "prettyName": "Comparison Operator",
  },
  "dictorsetmaker": Object {
    "color": "#00FF7F",
    "prettyName": "Dictionary",
  },
  "except_clause": Object {
    "color": "#779ECB",
    "prettyName": "Except Clauses",
  },
  "expr": Object {
    "color": "#F0ABF7",
    "prettyName": "Expressions",
  },
  "for_stmt": Object {
    "color": "#F7ABAB",
    "prettyName": "For Loops",
  },
  "funcdef": Object {
    "color": "#AEC6CF",
    "prettyName": "Function Definitions",
  },
  "if_stmt": Object {
    "color": "#FFFF00",
    "prettyName": "If Statements",
  },
  "import_name": Object {
    "color": "#FF6666",
    "prettyName": "Import Statement",
  },
  "integer": Object {
    "color": "#ABF7C6",
    "prettyName": "Integers",
  },
  "number": Object {
    "color": "#DEA5A4",
    "prettyName": "Numbers",
  },
  "parameters": Object {
    "color": "#FFB347",
    "prettyName": "Parameters",
  },
  "pass_stmt": Object {
    "color": "#FDFD96",
    "prettyName": "Pass Statements",
  },
  "return_stmt": Object {
    "color": "#EECCFF",
    "prettyName": "Return Statement",
  },
  "str": Object {
    "color": "#CAABF7",
    "prettyName": "Strings",
  },
  "try_stmt": Object {
    "color": "#CCCCFF",
    "prettyName": "Try Statements",
  },
  "while_stmt": Object {
    "color": "#F0E68C",
    "prettyName": "While Loops",
  },
}
`;
